<html>
<body>
<pre>
<h1>µVision Build Log</h1>
<h2>Project:</h2>
C:\Users\BoFjord\Documents\GitHub\mercantec\h2\keil\MyBlinky\MyBlinky.uvproj
Project File Date:  10/02/2012

<h2>Output:</h2>
Clean started: Project: 'MyBlinky'
   deleting intermediate output files for target 'MCBSTM32C'
Build target 'MCBSTM32C'
assembling startup_stm32f10x_cl.s...
compiling MyBlinky.c...
MyBlinky.c(49): warning:  #1-D: last line of file ends without a newline
compiling system_stm32f10x_cl.c...
linking...
Program Size: Code=1664 RO-data=368 RW-data=24 ZI-data=1632  
FromELF: creating hex file...
"MyBlinky.axf" - 0 Error(s), 1 Warning(s).
Build target 'MCBSTM32C'
compiling MyBlinky.c...
MyBlinky.c(49): warning:  #1-D: last line of file ends without a newline
linking...
Program Size: Code=1664 RO-data=368 RW-data=24 ZI-data=1632  
FromELF: creating hex file...
"MyBlinky.axf" - 0 Error(s), 1 Warning(s).
Load "C:\\Users\\BoFjord\\Documents\\GitHub\\mercantec\\h2\\keil\\MyBlinky\\MyBlinky.AXF" 
Erase Done.
Programming Done.
Verify OK.
Application running ...
Build target 'MCBSTM32C'
compiling MyBlinky.c...
MyBlinky.c(49): warning:  #1-D: last line of file ends without a newline
linking...
Program Size: Code=1668 RO-data=368 RW-data=24 ZI-data=1632  
FromELF: creating hex file...
"MyBlinky.axf" - 0 Error(s), 1 Warning(s).
Load "C:\\Users\\BoFjord\\Documents\\GitHub\\mercantec\\h2\\keil\\MyBlinky\\MyBlinky.AXF" 
Erase Done.
Programming Done.
Verify OK.
Application running ...
Clean started: Project: 'MyBlinky'
   deleting intermediate output files for target 'MCBSTM32C'
